Modules list:
-------------
startup.o:
    ZEROPAGE          Offs=000000  Size=000006  Align=00001  Fill=0000
    STARTUP           Offs=000000  Size=000047  Align=00001  Fill=0000
msbasic_wrapper.o:
    CODE              Offs=000000  Size=0002BA  Align=00001  Fill=0000
    BSS               Offs=000000  Size=000005  Align=00001  Fill=0000
msbasic_float_only.o:
    CODE              Offs=0002BA  Size=00082A  Align=00001  Fill=0000
    ZEROPAGE          Offs=000006  Size=000078  Align=00001  Fill=0000
main.o:
    CODE              Offs=000AE4  Size=000A03  Align=00001  Fill=0000
    RODATA            Offs=000000  Size=000224  Align=00001  Fill=0000
    BSS               Offs=000005  Size=000046  Align=00001  Fill=0000
    DATA              Offs=000000  Size=00000B  Align=00001  Fill=0000
float_convert.o:
    CODE              Offs=0014E7  Size=0007AF  Align=00001  Fill=0000
    RODATA            Offs=000224  Size=000041  Align=00001  Fill=0000
tm1638.o:
    CODE              Offs=001C96  Size=000CE9  Align=00001  Fill=0000
    RODATA            Offs=000265  Size=00009A  Align=00001  Fill=0000
    BSS               Offs=00004B  Size=000001  Align=00001  Fill=0000
    DATA              Offs=00000B  Size=000001  Align=00001  Fill=0000
D:\cc65\lib\none.lib(add.o):
    CODE              Offs=00297F  Size=00001C  Align=00001  Fill=0000
D:\cc65\lib\none.lib(addysp.o):
    CODE              Offs=00299B  Size=00000E  Align=00001  Fill=0000
D:\cc65\lib\none.lib(along.o):
    CODE              Offs=0029A9  Size=00000D  Align=00001  Fill=0000
D:\cc65\lib\none.lib(aslax1.o):
    CODE              Offs=0029B6  Size=000008  Align=00001  Fill=0000
D:\cc65\lib\none.lib(asleax1.o):
    CODE              Offs=0029BE  Size=00000C  Align=00001  Fill=0000
D:\cc65\lib\none.lib(axlong.o):
    CODE              Offs=0029CA  Size=00000D  Align=00001  Fill=0000
D:\cc65\lib\none.lib(call.o):
    CODE              Offs=0029D7  Size=000007  Align=00001  Fill=0000
D:\cc65\lib\none.lib(decax1.o):
    CODE              Offs=0029DE  Size=000007  Align=00001  Fill=0000
D:\cc65\lib\none.lib(decaxy.o):
    CODE              Offs=0029E5  Size=000009  Align=00001  Fill=0000
D:\cc65\lib\none.lib(decsp1.o):
    CODE              Offs=0029EE  Size=000009  Align=00001  Fill=0000
D:\cc65\lib\none.lib(decsp2.o):
    CODE              Offs=0029F7  Size=00000D  Align=00001  Fill=0000
D:\cc65\lib\none.lib(decsp3.o):
    CODE              Offs=002A04  Size=00000D  Align=00001  Fill=0000
D:\cc65\lib\none.lib(decsp4.o):
    CODE              Offs=002A11  Size=00000D  Align=00001  Fill=0000
D:\cc65\lib\none.lib(decsp5.o):
    CODE              Offs=002A1E  Size=00000D  Align=00001  Fill=0000
D:\cc65\lib\none.lib(decsp6.o):
    CODE              Offs=002A2B  Size=00000D  Align=00001  Fill=0000
D:\cc65\lib\none.lib(icmp.o):
    CODE              Offs=002A38  Size=00002E  Align=00001  Fill=0000
D:\cc65\lib\none.lib(incax1.o):
    CODE              Offs=002A66  Size=000007  Align=00001  Fill=0000
D:\cc65\lib\none.lib(incaxy.o):
    CODE              Offs=002A6D  Size=00000B  Align=00001  Fill=0000
D:\cc65\lib\none.lib(incsp1.o):
    CODE              Offs=002A78  Size=000007  Align=00001  Fill=0000
D:\cc65\lib\none.lib(incsp2.o):
    CODE              Offs=002A7F  Size=000016  Align=00001  Fill=0000
D:\cc65\lib\none.lib(incsp3.o):
    CODE              Offs=002A95  Size=000005  Align=00001  Fill=0000
D:\cc65\lib\none.lib(incsp4.o):
    CODE              Offs=002A9A  Size=000005  Align=00001  Fill=0000
D:\cc65\lib\none.lib(incsp5.o):
    CODE              Offs=002A9F  Size=000005  Align=00001  Fill=0000
D:\cc65\lib\none.lib(incsp6.o):
    CODE              Offs=002AA4  Size=000005  Align=00001  Fill=0000
D:\cc65\lib\none.lib(incsp8.o):
    CODE              Offs=002AA9  Size=000005  Align=00001  Fill=0000
D:\cc65\lib\none.lib(jmpvec.o):
    DATA              Offs=00000C  Size=000003  Align=00001  Fill=0000
D:\cc65\lib\none.lib(land.o):
    CODE              Offs=002AAE  Size=000024  Align=00001  Fill=0000
D:\cc65\lib\none.lib(lcmp.o):
    CODE              Offs=002AD2  Size=00003B  Align=00001  Fill=0000
D:\cc65\lib\none.lib(ldaxi.o):
    CODE              Offs=002B0D  Size=00000D  Align=00001  Fill=0000
D:\cc65\lib\none.lib(ldaxsp.o):
    CODE              Offs=002B1A  Size=000009  Align=00001  Fill=0000
D:\cc65\lib\none.lib(ldeaxysp.o):
    CODE              Offs=002B23  Size=000013  Align=00001  Fill=0000
D:\cc65\lib\none.lib(ldiv.o):
    CODE              Offs=002B36  Size=00001C  Align=00001  Fill=0000
D:\cc65\lib\none.lib(leaaxsp.o):
    CODE              Offs=002B52  Size=00000C  Align=00001  Fill=0000
D:\cc65\lib\none.lib(leq.o):
    CODE              Offs=002B5E  Size=000006  Align=00001  Fill=0000
D:\cc65\lib\none.lib(lge.o):
    CODE              Offs=002B64  Size=000006  Align=00001  Fill=0000
D:\cc65\lib\none.lib(linc.o):
    CODE              Offs=002B6A  Size=000011  Align=00001  Fill=0000
D:\cc65\lib\none.lib(llt.o):
    CODE              Offs=002B7B  Size=000006  Align=00001  Fill=0000
D:\cc65\lib\none.lib(lmod.o):
    CODE              Offs=002B81  Size=000020  Align=00001  Fill=0000
D:\cc65\lib\none.lib(lne.o):
    CODE              Offs=002BA1  Size=000006  Align=00001  Fill=0000
D:\cc65\lib\none.lib(lneg.o):
    CODE              Offs=002BA7  Size=00001E  Align=00001  Fill=0000
D:\cc65\lib\none.lib(lor.o):
    CODE              Offs=002BC5  Size=000024  Align=00001  Fill=0000
D:\cc65\lib\none.lib(lpop.o):
    CODE              Offs=002BE9  Size=000015  Align=00001  Fill=0000
D:\cc65\lib\none.lib(lpush.o):
    CODE              Offs=002BFE  Size=000021  Align=00001  Fill=0000
D:\cc65\lib\none.lib(lshelp.o):
    CODE              Offs=002C1F  Size=000052  Align=00001  Fill=0000
D:\cc65\lib\none.lib(lshl.o):
    CODE              Offs=002C71  Size=00001A  Align=00001  Fill=0000
D:\cc65\lib\none.lib(lshr.o):
    CODE              Offs=002C8B  Size=00001A  Align=00001  Fill=0000
D:\cc65\lib\none.lib(ltest.o):
    CODE              Offs=002CA5  Size=00000F  Align=00001  Fill=0000
D:\cc65\lib\none.lib(ludiv.o):
    CODE              Offs=002CB4  Size=00007A  Align=00001  Fill=0000
D:\cc65\lib\none.lib(lumod.o):
    CODE              Offs=002D2E  Size=000019  Align=00001  Fill=0000
D:\cc65\lib\none.lib(makebool.o):
    CODE              Offs=002D47  Size=00002C  Align=00001  Fill=0000
D:\cc65\lib\none.lib(memcpy.o):
    CODE              Offs=002D73  Size=00003C  Align=00001  Fill=0000
D:\cc65\lib\none.lib(mulax5.o):
    CODE              Offs=002DAF  Size=000014  Align=00001  Fill=0000
D:\cc65\lib\none.lib(popptr1.o):
    CODE              Offs=002DC3  Size=00000E  Align=00001  Fill=0000
D:\cc65\lib\none.lib(pusha.o):
    CODE              Offs=002DD1  Size=000016  Align=00001  Fill=0000
D:\cc65\lib\none.lib(pushax.o):
    CODE              Offs=002DE7  Size=00001A  Align=00001  Fill=0000
D:\cc65\lib\none.lib(pushwsp.o):
    CODE              Offs=002E01  Size=00001C  Align=00001  Fill=0000
D:\cc65\lib\none.lib(shl.o):
    CODE              Offs=002E1D  Size=000033  Align=00001  Fill=0000
D:\cc65\lib\none.lib(shreax1.o):
    CODE              Offs=002E50  Size=00000C  Align=00001  Fill=0000
D:\cc65\lib\none.lib(staspidx.o):
    CODE              Offs=002E5C  Size=000016  Align=00001  Fill=0000
D:\cc65\lib\none.lib(staxsp.o):
    CODE              Offs=002E72  Size=00000B  Align=00001  Fill=0000
D:\cc65\lib\none.lib(steaxsp.o):
    CODE              Offs=002E7D  Size=000015  Align=00001  Fill=0000
D:\cc65\lib\none.lib(sub.o):
    CODE              Offs=002E92  Size=000015  Align=00001  Fill=0000
D:\cc65\lib\none.lib(subysp.o):
    CODE              Offs=002EA7  Size=00000D  Align=00001  Fill=0000
D:\cc65\lib\none.lib(zeropage.o):
    ZEROPAGE          Offs=00007E  Size=00001A  Align=00001  Fill=0000


Segment list:
-------------
Name                   Start     End    Size  Align
----------------------------------------------------
ZEROPAGE              000020  0000B7  000098  00001
STARTUP               000800  000846  000047  00001
CODE                  000847  0036FA  002EB4  00001
RODATA                0036FB  0039F9  0002FF  00001
DATA                  0039FA  003A08  00000F  00001
BSS                   003A09  003A54  00004C  00001


Exports list by name:
---------------------
ARG                       0000D3 RLZ    ARGEXTENSION              0000C0 RLZ    
FAC                       0000CB RLZ    FACEXTENSION              0000DA REZ    
FACSIGN                   0000D0 RLZ    FADD                      000B43 RLA    
FDIV                      000DEB RLA    FMULT                     000D04 RLA    
FSUB                      000B2C RLA    QINT                      000F77 RLA    
STORE_FAC_AT_YX_ROUNDED   000EB0 RLA    __BSS_RUN__               003A09 RLA    
__BSS_SIZE__              00004C REA    __STARTUP__               000001 REA    
_fp_add                   000847 RLA    _fp_clear_fac             000AE8 RLA    
_fp_div                   000997 RLA    _fp_float_to_string       001EF4 RLA    
_fp_mul                   000927 RLA    _fp_save_fac              000AC7 RLA    
_fp_string_to_float       001D2E RLA    _fp_sub                   0008B7 RLA    
_main                     001B62 RLA    _memcpy                   0035BA RLA    
_tm1638_get_key_pressed   002BB0 RLA    _tm1638_init              002503 RLA    
_tm1638_set_brightness    002AEF RLA    _tm1638_show_text         0028BA RLA    
addysp                    0031E3 RLA    addysp1                   0031E2 RLA    
aslax1                    0031FD RLA    aslaxy                    00366B RLA    
aulong                    0031F6 RLA    axulong                   003217 RLA    
booleq                    003594 RLA    boolge                    0035A5 RLA    
boollt                    00359D RLA    boolne                    00358E RLA    
callax                    00321E RLA    decax1                    003225 RLA    
decaxy                    00322C RLA    decsp1                    003235 RLA    
decsp2                    00323E RLA    decsp3                    00324B RLA    
decsp4                    003258 RLA    decsp5                    003265 RLA    
decsp6                    003272 RLA    getlop                    00350C RLA    
incax1                    0032AD RLA    incaxy                    0032B6 RLA    
inceaxy                   0033B1 RLA    incsp1                    0032BF RLA    
incsp2                    0032CE RLA    incsp3                    0032DC RLA    
incsp4                    0032E1 RLA    incsp5                    0032E6 RLA    
incsp6                    0032EB RLA    incsp8                    0032F0 RLA    
jmpvec                    003A06 RLA    ldax0sp                   003361 RLA    
ldaxi                     003354 RLA    ldaxysp                   003363 RLA    
ldeax0sp                  00336A RLA    ldeaxysp                  00336C RLA    
leaa0sp                   003399 RLA    mulax5                    0035F6 RLA    
negeax                    0033EE RLA    popax                     0032C6 RLA    
popeax                    003430 RLA    poplsargs                 003466 RLA    
popptr1                   00360A RLA    ptr1                      0000A6 RLZ    
ptr2                      0000A8 RLZ    ptr3                      0000AA RLZ    
ptr4                      0000AC RLZ    pusha                     00361C RLA    
pusha0                    003630 RLA    pushax                    003632 RLA    
pusheax                   00344E RLA    pushl0                    003445 RLA    
pushw0sp                  003648 RLA    pushwysp                  00364A RLA    
regsave                   0000A2 RLZ    shleax1                   003205 RLA    
shreax1                   003697 RLA    sp                        00009E RLZ    
sreg                      0000A0 RLZ    staspidx                  0036A3 RLA    
stax0sp                   0036B9 RLA    staxysp                   0036BB RLA    
steax0sp                  0036C4 RLA    steaxysp                  0036C6 RLA    
subysp                    0036EE RLA    tmp1                      0000AE RLZ    
tmp2                      0000AF RLZ    tmp3                      0000B0 RLZ    
tmp4                      0000B1 RLZ    tosadda0                  0031C6 RLA    
tosand0ax                 0032F5 RLA    tosandeax                 0032FB RLA    
tosdiv0ax                 00337D RLA    toseqeax                  0033A5 RLA    
tosgeeax                  0033AB RLA    tosicmp0                  00327F RLA    
toslcmp                   003319 RLA    toslteax                  0033C2 RLA    
tosmod0ax                 0033C8 RLA    tosneeax                  0033E8 RLA    
tosoreax                  003412 RLA    tosshleax                 0034B8 RLA    
tosshreax                 0034D2 RLA    tossuba0                  0036D9 RLA    
tosudiv0ax                0034FB RLA    tosumod0ax                003575 RLA    
udiv32                    003530 RLA    utsteax                   0034EC RLA    



Exports list by value:
----------------------
__STARTUP__               000001 REA    __BSS_SIZE__              00004C REA    
sp                        00009E RLZ    sreg                      0000A0 RLZ    
regsave                   0000A2 RLZ    ptr1                      0000A6 RLZ    
ptr2                      0000A8 RLZ    ptr3                      0000AA RLZ    
ptr4                      0000AC RLZ    tmp1                      0000AE RLZ    
tmp2                      0000AF RLZ    tmp3                      0000B0 RLZ    
tmp4                      0000B1 RLZ    ARGEXTENSION              0000C0 RLZ    
FAC                       0000CB RLZ    FACSIGN                   0000D0 RLZ    
ARG                       0000D3 RLZ    FACEXTENSION              0000DA REZ    
_fp_add                   000847 RLA    _fp_sub                   0008B7 RLA    
_fp_mul                   000927 RLA    _fp_div                   000997 RLA    
_fp_save_fac              000AC7 RLA    _fp_clear_fac             000AE8 RLA    
FSUB                      000B2C RLA    FADD                      000B43 RLA    
FMULT                     000D04 RLA    FDIV                      000DEB RLA    
STORE_FAC_AT_YX_ROUNDED   000EB0 RLA    QINT                      000F77 RLA    
_main                     001B62 RLA    _fp_string_to_float       001D2E RLA    
_fp_float_to_string       001EF4 RLA    _tm1638_init              002503 RLA    
_tm1638_show_text         0028BA RLA    _tm1638_set_brightness    002AEF RLA    
_tm1638_get_key_pressed   002BB0 RLA    tosadda0                  0031C6 RLA    
addysp1                   0031E2 RLA    addysp                    0031E3 RLA    
aulong                    0031F6 RLA    aslax1                    0031FD RLA    
shleax1                   003205 RLA    axulong                   003217 RLA    
callax                    00321E RLA    decax1                    003225 RLA    
decaxy                    00322C RLA    decsp1                    003235 RLA    
decsp2                    00323E RLA    decsp3                    00324B RLA    
decsp4                    003258 RLA    decsp5                    003265 RLA    
decsp6                    003272 RLA    tosicmp0                  00327F RLA    
incax1                    0032AD RLA    incaxy                    0032B6 RLA    
incsp1                    0032BF RLA    popax                     0032C6 RLA    
incsp2                    0032CE RLA    incsp3                    0032DC RLA    
incsp4                    0032E1 RLA    incsp5                    0032E6 RLA    
incsp6                    0032EB RLA    incsp8                    0032F0 RLA    
tosand0ax                 0032F5 RLA    tosandeax                 0032FB RLA    
toslcmp                   003319 RLA    ldaxi                     003354 RLA    
ldax0sp                   003361 RLA    ldaxysp                   003363 RLA    
ldeax0sp                  00336A RLA    ldeaxysp                  00336C RLA    
tosdiv0ax                 00337D RLA    leaa0sp                   003399 RLA    
toseqeax                  0033A5 RLA    tosgeeax                  0033AB RLA    
inceaxy                   0033B1 RLA    toslteax                  0033C2 RLA    
tosmod0ax                 0033C8 RLA    tosneeax                  0033E8 RLA    
negeax                    0033EE RLA    tosoreax                  003412 RLA    
popeax                    003430 RLA    pushl0                    003445 RLA    
pusheax                   00344E RLA    poplsargs                 003466 RLA    
tosshleax                 0034B8 RLA    tosshreax                 0034D2 RLA    
utsteax                   0034EC RLA    tosudiv0ax                0034FB RLA    
getlop                    00350C RLA    udiv32                    003530 RLA    
tosumod0ax                003575 RLA    boolne                    00358E RLA    
booleq                    003594 RLA    boollt                    00359D RLA    
boolge                    0035A5 RLA    _memcpy                   0035BA RLA    
mulax5                    0035F6 RLA    popptr1                   00360A RLA    
pusha                     00361C RLA    pusha0                    003630 RLA    
pushax                    003632 RLA    pushw0sp                  003648 RLA    
pushwysp                  00364A RLA    aslaxy                    00366B RLA    
shreax1                   003697 RLA    staspidx                  0036A3 RLA    
stax0sp                   0036B9 RLA    staxysp                   0036BB RLA    
steax0sp                  0036C4 RLA    steaxysp                  0036C6 RLA    
tossuba0                  0036D9 RLA    subysp                    0036EE RLA    
jmpvec                    003A06 RLA    __BSS_RUN__               003A09 RLA    



Imports list:
-------------
ARG (msbasic_float_only.o):
    msbasic_wrapper.o         libs/msbasic-float\src\msbasic_wrapper.s(37)
ARGEXTENSION (msbasic_float_only.o):
    msbasic_wrapper.o         libs/msbasic-float\src\msbasic_wrapper.s(38)
FAC (msbasic_float_only.o):
    msbasic_wrapper.o         libs/msbasic-float\src\msbasic_wrapper.s(37)
FACEXTENSION (msbasic_float_only.o):
    msbasic_wrapper.o         libs/msbasic-float\src\msbasic_wrapper.s(38)
FACSIGN (msbasic_float_only.o):
    msbasic_wrapper.o         libs/msbasic-float\src\msbasic_wrapper.s(37)
FADD (msbasic_float_only.o):
    msbasic_wrapper.o         libs/msbasic-float\src\msbasic_wrapper.s(34)
FDIV (msbasic_float_only.o):
    msbasic_wrapper.o         libs/msbasic-float\src\msbasic_wrapper.s(34)
FMULT (msbasic_float_only.o):
    msbasic_wrapper.o         libs/msbasic-float\src\msbasic_wrapper.s(34)
FSUB (msbasic_float_only.o):
    msbasic_wrapper.o         libs/msbasic-float\src\msbasic_wrapper.s(34)
QINT (msbasic_float_only.o):
    msbasic_wrapper.o         libs/msbasic-float\src\msbasic_wrapper.s(35)
STORE_FAC_AT_YX_ROUNDED (msbasic_float_only.o):
    msbasic_wrapper.o         libs/msbasic-float\src\msbasic_wrapper.s(36)
__BSS_RUN__ ([linker generated]):
    startup.o                 src\startup.s(12)
__BSS_SIZE__ ([linker generated]):
    startup.o                 src\startup.s(12)
__STARTUP__ (startup.o):
    main.o                    src\main.s(13)
_fp_add (msbasic_wrapper.o):
    float_convert.o           libs/msbasic-float\src\float_convert.s(13)
    main.o                    src\main.s(14)
_fp_clear_fac (msbasic_wrapper.o):
    main.o                    src\main.s(21)
_fp_div (msbasic_wrapper.o):
    float_convert.o           libs/msbasic-float\src\float_convert.s(16)
    main.o                    src\main.s(17)
_fp_float_to_string (float_convert.o):
    main.o                    src\main.s(19)
_fp_mul (msbasic_wrapper.o):
    float_convert.o           libs/msbasic-float\src\float_convert.s(15)
    main.o                    src\main.s(16)
_fp_save_fac (msbasic_wrapper.o):
    main.o                    src\main.s(20)
_fp_string_to_float (float_convert.o):
    main.o                    src\main.s(18)
_fp_sub (msbasic_wrapper.o):
    float_convert.o           libs/msbasic-float\src\float_convert.s(14)
    main.o                    src\main.s(15)
_main (main.o):
    startup.o                 src\startup.s(11)
_memcpy (memcpy.o):
    float_convert.o           libs/msbasic-float\src\float_convert.s(1034)
    float_convert.o           libs/msbasic-float\src\float_convert.s(1034)
    main.o                    src\main.s(1633)
    main.o                    src\main.s(1633)
_tm1638_get_key_pressed (tm1638.o):
    main.o                    src\main.s(25)
_tm1638_init (tm1638.o):
    main.o                    src\main.s(22)
_tm1638_set_brightness (tm1638.o):
    main.o                    src\main.s(24)
_tm1638_show_text (tm1638.o):
    main.o                    src\main.s(23)
addysp (addysp.o):
    incsp8.o                  runtime/incsp8.s(8)
    incsp6.o                  runtime/incsp6.s(8)
    incsp5.o                  runtime/incsp5.s(8)
    incsp4.o                  runtime/incsp4.s(8)
    incsp3.o                  runtime/incsp3.s(8)
    tm1638.o                  ../../libs/tm1638-6502-cc65/src/tm1638.s(2120)
    tm1638.o                  ../../libs/tm1638-6502-cc65/src/tm1638.s(2120)
    tm1638.o                  ../../libs/tm1638-6502-cc65/src/tm1638.s(2120)
    tm1638.o                  ../../libs/tm1638-6502-cc65/src/tm1638.s(2120)
    tm1638.o                  ../../libs/tm1638-6502-cc65/src/tm1638.s(2120)
    tm1638.o                  ../../libs/tm1638-6502-cc65/src/tm1638.s(2120)
    float_convert.o           libs/msbasic-float\src\float_convert.s(1034)
    float_convert.o           libs/msbasic-float\src\float_convert.s(1034)
    main.o                    src\main.s(1633)
    main.o                    src\main.s(1633)
addysp1 (addysp.o):
    sub.o                     runtime/sub.s(8)
    ludiv.o                   runtime/ludiv.s(9)
    lor.o                     runtime/lor.s(9)
    land.o                    runtime/land.s(9)
aslax1 (aslax1.o):
    main.o                    src\main.s(1633)
    main.o                    src\main.s(1633)
aslaxy (shl.o):
    tm1638.o                  ../../libs/tm1638-6502-cc65/src/tm1638.s(2120)
aulong (along.o):
    tm1638.o                  ../../libs/tm1638-6502-cc65/src/tm1638.s(2120)
    float_convert.o           libs/msbasic-float\src\float_convert.s(1034)
axulong (axlong.o):
    tm1638.o                  ../../libs/tm1638-6502-cc65/src/tm1638.s(2120)
    float_convert.o           libs/msbasic-float\src\float_convert.s(1034)
booleq (makebool.o):
    leq.o                     runtime/leq.s(8)
    main.o                    src\main.s(1633)
boolge (makebool.o):
    lge.o                     runtime/lge.s(8)
boollt (makebool.o):
    llt.o                     runtime/llt.s(8)
boolne (makebool.o):
    lne.o                     runtime/lne.s(8)
    float_convert.o           libs/msbasic-float\src\float_convert.s(1034)
callax (call.o):
    main.o                    src\main.s(1633)
decax1 (decax1.o):
    tm1638.o                  ../../libs/tm1638-6502-cc65/src/tm1638.s(2120)
    tm1638.o                  ../../libs/tm1638-6502-cc65/src/tm1638.s(2120)
    float_convert.o           libs/msbasic-float\src\float_convert.s(1034)
    main.o                    src\main.s(1633)
decaxy (decaxy.o):
    float_convert.o           libs/msbasic-float\src\float_convert.s(1034)
    float_convert.o           libs/msbasic-float\src\float_convert.s(1034)
decsp1 (decsp1.o):
    tm1638.o                  ../../libs/tm1638-6502-cc65/src/tm1638.s(2120)
    tm1638.o                  ../../libs/tm1638-6502-cc65/src/tm1638.s(2120)
    tm1638.o                  ../../libs/tm1638-6502-cc65/src/tm1638.s(2120)
    tm1638.o                  ../../libs/tm1638-6502-cc65/src/tm1638.s(2120)
    tm1638.o                  ../../libs/tm1638-6502-cc65/src/tm1638.s(2120)
    tm1638.o                  ../../libs/tm1638-6502-cc65/src/tm1638.s(2120)
    tm1638.o                  ../../libs/tm1638-6502-cc65/src/tm1638.s(2120)
    tm1638.o                  ../../libs/tm1638-6502-cc65/src/tm1638.s(2120)
    float_convert.o           libs/msbasic-float\src\float_convert.s(1034)
    main.o                    src\main.s(1633)
    main.o                    src\main.s(1633)
    main.o                    src\main.s(1633)
    main.o                    src\main.s(1633)
    main.o                    src\main.s(1633)
decsp2 (decsp2.o):
    tm1638.o                  ../../libs/tm1638-6502-cc65/src/tm1638.s(2120)
    tm1638.o                  ../../libs/tm1638-6502-cc65/src/tm1638.s(2120)
    tm1638.o                  ../../libs/tm1638-6502-cc65/src/tm1638.s(2120)
    main.o                    src\main.s(1633)
decsp3 (decsp3.o):
    tm1638.o                  ../../libs/tm1638-6502-cc65/src/tm1638.s(2120)
decsp4 (decsp4.o):
    lpush.o                   runtime/lpush.s(12)
decsp5 (decsp5.o):
    tm1638.o                  ../../libs/tm1638-6502-cc65/src/tm1638.s(2120)
    float_convert.o           libs/msbasic-float\src\float_convert.s(1034)
decsp6 (decsp6.o):
    float_convert.o           libs/msbasic-float\src\float_convert.s(1034)
    float_convert.o           libs/msbasic-float\src\float_convert.s(1034)
getlop (ludiv.o):
    lumod.o                   runtime/lumod.s(9)
    lshelp.o                  runtime/lshelp.s(11)
incax1 (incax1.o):
    main.o                    src\main.s(1633)
    main.o                    src\main.s(1633)
incaxy (incaxy.o):
    tm1638.o                  ../../libs/tm1638-6502-cc65/src/tm1638.s(2120)
    tm1638.o                  ../../libs/tm1638-6502-cc65/src/tm1638.s(2120)
    float_convert.o           libs/msbasic-float\src\float_convert.s(1034)
inceaxy (linc.o):
    float_convert.o           libs/msbasic-float\src\float_convert.s(1034)
incsp1 (incsp1.o):
    tm1638.o                  ../../libs/tm1638-6502-cc65/src/tm1638.s(2120)
    tm1638.o                  ../../libs/tm1638-6502-cc65/src/tm1638.s(2120)
    tm1638.o                  ../../libs/tm1638-6502-cc65/src/tm1638.s(2120)
    tm1638.o                  ../../libs/tm1638-6502-cc65/src/tm1638.s(2120)
    float_convert.o           libs/msbasic-float\src\float_convert.s(1034)
    main.o                    src\main.s(1633)
    main.o                    src\main.s(1633)
    main.o                    src\main.s(1633)
    main.o                    src\main.s(1633)
    main.o                    src\main.s(1633)
    main.o                    src\main.s(1633)
incsp2 (incsp2.o):
    staspidx.o                runtime/staspidx.s(8)
    popptr1.o                 runtime/popptr1.s(8)
    tm1638.o                  ../../libs/tm1638-6502-cc65/src/tm1638.s(2120)
    tm1638.o                  ../../libs/tm1638-6502-cc65/src/tm1638.s(2120)
    tm1638.o                  ../../libs/tm1638-6502-cc65/src/tm1638.s(2120)
    tm1638.o                  ../../libs/tm1638-6502-cc65/src/tm1638.s(2120)
    main.o                    src\main.s(1633)
    main.o                    src\main.s(1633)
    main.o                    src\main.s(1633)
    main.o                    src\main.s(1633)
    main.o                    src\main.s(1633)
    main.o                    src\main.s(1633)
incsp3 (incsp3.o):
    main.o                    src\main.s(1633)
    main.o                    src\main.s(1633)
    main.o                    src\main.s(1633)
incsp4 (incsp4.o):
    lpop.o                    runtime/lpop.s(9)
    lcmp.o                    runtime/lcmp.s(9)
    tm1638.o                  ../../libs/tm1638-6502-cc65/src/tm1638.s(2120)
    tm1638.o                  ../../libs/tm1638-6502-cc65/src/tm1638.s(2120)
    tm1638.o                  ../../libs/tm1638-6502-cc65/src/tm1638.s(2120)
    tm1638.o                  ../../libs/tm1638-6502-cc65/src/tm1638.s(2120)
    tm1638.o                  ../../libs/tm1638-6502-cc65/src/tm1638.s(2120)
    float_convert.o           libs/msbasic-float\src\float_convert.s(1034)
incsp5 (incsp5.o):
    tm1638.o                  ../../libs/tm1638-6502-cc65/src/tm1638.s(2120)
    float_convert.o           libs/msbasic-float\src\float_convert.s(1034)
    main.o                    src\main.s(1633)
incsp6 (incsp6.o):
    tm1638.o                  ../../libs/tm1638-6502-cc65/src/tm1638.s(2120)
    float_convert.o           libs/msbasic-float\src\float_convert.s(1034)
incsp8 (incsp8.o):
    tm1638.o                  ../../libs/tm1638-6502-cc65/src/tm1638.s(2120)
    tm1638.o                  ../../libs/tm1638-6502-cc65/src/tm1638.s(2120)
jmpvec (jmpvec.o):
    main.o                    src\main.s(1633)
    main.o                    src\main.s(1633)
    main.o                    src\main.s(1633)
ldax0sp (ldaxsp.o):
    tm1638.o                  ../../libs/tm1638-6502-cc65/src/tm1638.s(2120)
    main.o                    src\main.s(1633)
    main.o                    src\main.s(1633)
    main.o                    src\main.s(1633)
ldaxi (ldaxi.o):
    main.o                    src\main.s(1633)
    main.o                    src\main.s(1633)
ldaxysp (ldaxsp.o):
    tm1638.o                  ../../libs/tm1638-6502-cc65/src/tm1638.s(2120)
    tm1638.o                  ../../libs/tm1638-6502-cc65/src/tm1638.s(2120)
    tm1638.o                  ../../libs/tm1638-6502-cc65/src/tm1638.s(2120)
    tm1638.o                  ../../libs/tm1638-6502-cc65/src/tm1638.s(2120)
    tm1638.o                  ../../libs/tm1638-6502-cc65/src/tm1638.s(2120)
    tm1638.o                  ../../libs/tm1638-6502-cc65/src/tm1638.s(2120)
    tm1638.o                  ../../libs/tm1638-6502-cc65/src/tm1638.s(2120)
    float_convert.o           libs/msbasic-float\src\float_convert.s(1034)
    float_convert.o           libs/msbasic-float\src\float_convert.s(1034)
    main.o                    src\main.s(1633)
    main.o                    src\main.s(1633)
    main.o                    src\main.s(1633)
    main.o                    src\main.s(1633)
    main.o                    src\main.s(1633)
ldeax0sp (ldeaxysp.o):
    tm1638.o                  ../../libs/tm1638-6502-cc65/src/tm1638.s(2120)
    tm1638.o                  ../../libs/tm1638-6502-cc65/src/tm1638.s(2120)
    float_convert.o           libs/msbasic-float\src\float_convert.s(1034)
ldeaxysp (ldeaxysp.o):
    tm1638.o                  ../../libs/tm1638-6502-cc65/src/tm1638.s(2120)
    tm1638.o                  ../../libs/tm1638-6502-cc65/src/tm1638.s(2120)
    tm1638.o                  ../../libs/tm1638-6502-cc65/src/tm1638.s(2120)
    tm1638.o                  ../../libs/tm1638-6502-cc65/src/tm1638.s(2120)
    float_convert.o           libs/msbasic-float\src\float_convert.s(1034)
leaa0sp (leaaxsp.o):
    tm1638.o                  ../../libs/tm1638-6502-cc65/src/tm1638.s(2120)
    tm1638.o                  ../../libs/tm1638-6502-cc65/src/tm1638.s(2120)
    tm1638.o                  ../../libs/tm1638-6502-cc65/src/tm1638.s(2120)
    tm1638.o                  ../../libs/tm1638-6502-cc65/src/tm1638.s(2120)
    float_convert.o           libs/msbasic-float\src\float_convert.s(1034)
    float_convert.o           libs/msbasic-float\src\float_convert.s(1034)
    main.o                    src\main.s(1633)
    main.o                    src\main.s(1633)
mulax5 (mulax5.o):
    float_convert.o           libs/msbasic-float\src\float_convert.s(1034)
    float_convert.o           libs/msbasic-float\src\float_convert.s(1034)
negeax (lneg.o):
    lmod.o                    runtime/lmod.s(11)
    ldiv.o                    runtime/ldiv.s(11)
popax (incsp2.o):
    shl.o                     runtime/shl.s(15)
    memcpy.o                  common/memcpy.s(14)
    msbasic_wrapper.o         libs/msbasic-float\src\msbasic_wrapper.s(14)
popeax (lpop.o):
    lshr.o                    runtime/lshr.s(15)
    lshl.o                    runtime/lshl.s(15)
poplsargs (lshelp.o):
    lmod.o                    runtime/lmod.s(11)
    ldiv.o                    runtime/ldiv.s(11)
popptr1 (popptr1.o):
    memcpy.o                  common/memcpy.s(14)
ptr1 (zeropage.o):
    lcmp.o                    runtime/lcmp.s(10)
    staspidx.o                runtime/staspidx.s(9)
    popptr1.o                 runtime/popptr1.s(9)
    mulax5.o                  runtime/mulax5.s(9)
    memcpy.o                  common/memcpy.s(15)
    ludiv.o                   runtime/ludiv.s(10)
    lshelp.o                  runtime/lshelp.s(12)
    ldiv.o                    runtime/ldiv.s(12)
    ldaxi.o                   runtime/ldaxi.s(8)
    call.o                    runtime/call.s(8)
    tm1638.o                  ../../libs/tm1638-6502-cc65/src/tm1638.s(11)
    float_convert.o           libs/msbasic-float\src\float_convert.s(11)
    main.o                    src\main.s(11)
ptr2 (zeropage.o):
    memcpy.o                  common/memcpy.s(15)
    lumod.o                   runtime/lumod.s(10)
    ludiv.o                   runtime/ludiv.s(10)
    lmod.o                    runtime/lmod.s(12)
ptr3 (zeropage.o):
    memcpy.o                  common/memcpy.s(15)
    ludiv.o                   runtime/ludiv.s(10)
    lshelp.o                  runtime/lshelp.s(12)
ptr4 (zeropage.o):
    ludiv.o                   runtime/ludiv.s(10)
    lshelp.o                  runtime/lshelp.s(12)
    linc.o                    runtime/linc.s(8)
pusha (pusha.o):
    tm1638.o                  ../../libs/tm1638-6502-cc65/src/tm1638.s(2120)
    tm1638.o                  ../../libs/tm1638-6502-cc65/src/tm1638.s(2120)
    tm1638.o                  ../../libs/tm1638-6502-cc65/src/tm1638.s(2120)
    tm1638.o                  ../../libs/tm1638-6502-cc65/src/tm1638.s(2120)
    tm1638.o                  ../../libs/tm1638-6502-cc65/src/tm1638.s(2120)
    tm1638.o                  ../../libs/tm1638-6502-cc65/src/tm1638.s(2120)
    tm1638.o                  ../../libs/tm1638-6502-cc65/src/tm1638.s(2120)
    tm1638.o                  ../../libs/tm1638-6502-cc65/src/tm1638.s(2120)
    tm1638.o                  ../../libs/tm1638-6502-cc65/src/tm1638.s(2120)
    tm1638.o                  ../../libs/tm1638-6502-cc65/src/tm1638.s(2120)
    tm1638.o                  ../../libs/tm1638-6502-cc65/src/tm1638.s(2120)
    float_convert.o           libs/msbasic-float\src\float_convert.s(1034)
    float_convert.o           libs/msbasic-float\src\float_convert.s(1034)
    main.o                    src\main.s(1633)
    main.o                    src\main.s(1633)
    main.o                    src\main.s(1633)
    main.o                    src\main.s(1633)
    main.o                    src\main.s(1633)
pusha0 (pushax.o):
    main.o                    src\main.s(1633)
pushax (pushax.o):
    tm1638.o                  ../../libs/tm1638-6502-cc65/src/tm1638.s(2120)
    tm1638.o                  ../../libs/tm1638-6502-cc65/src/tm1638.s(2120)
    tm1638.o                  ../../libs/tm1638-6502-cc65/src/tm1638.s(2120)
    tm1638.o                  ../../libs/tm1638-6502-cc65/src/tm1638.s(2120)
    tm1638.o                  ../../libs/tm1638-6502-cc65/src/tm1638.s(2120)
    tm1638.o                  ../../libs/tm1638-6502-cc65/src/tm1638.s(2120)
    tm1638.o                  ../../libs/tm1638-6502-cc65/src/tm1638.s(2120)
    tm1638.o                  ../../libs/tm1638-6502-cc65/src/tm1638.s(2120)
    tm1638.o                  ../../libs/tm1638-6502-cc65/src/tm1638.s(2120)
    tm1638.o                  ../../libs/tm1638-6502-cc65/src/tm1638.s(2120)
    tm1638.o                  ../../libs/tm1638-6502-cc65/src/tm1638.s(2120)
    tm1638.o                  ../../libs/tm1638-6502-cc65/src/tm1638.s(2120)
    tm1638.o                  ../../libs/tm1638-6502-cc65/src/tm1638.s(2120)
    float_convert.o           libs/msbasic-float\src\float_convert.s(1034)
    float_convert.o           libs/msbasic-float\src\float_convert.s(1034)
    main.o                    src\main.s(1633)
    main.o                    src\main.s(1633)
    main.o                    src\main.s(1633)
    main.o                    src\main.s(1633)
    main.o                    src\main.s(1633)
    main.o                    src\main.s(1633)
    main.o                    src\main.s(1633)
    main.o                    src\main.s(1633)
    main.o                    src\main.s(1633)
    main.o                    src\main.s(1633)
    main.o                    src\main.s(1633)
    main.o                    src\main.s(1633)
    main.o                    src\main.s(1633)
    main.o                    src\main.s(1633)
pusheax (lpush.o):
    tm1638.o                  ../../libs/tm1638-6502-cc65/src/tm1638.s(2120)
    tm1638.o                  ../../libs/tm1638-6502-cc65/src/tm1638.s(2120)
    tm1638.o                  ../../libs/tm1638-6502-cc65/src/tm1638.s(2120)
    tm1638.o                  ../../libs/tm1638-6502-cc65/src/tm1638.s(2120)
    tm1638.o                  ../../libs/tm1638-6502-cc65/src/tm1638.s(2120)
    float_convert.o           libs/msbasic-float\src\float_convert.s(1034)
pushl0 (lpush.o):
    tm1638.o                  ../../libs/tm1638-6502-cc65/src/tm1638.s(2120)
pushw0sp (pushwsp.o):
    main.o                    src\main.s(1633)
pushwysp (pushwsp.o):
    tm1638.o                  ../../libs/tm1638-6502-cc65/src/tm1638.s(2120)
    tm1638.o                  ../../libs/tm1638-6502-cc65/src/tm1638.s(2120)
    tm1638.o                  ../../libs/tm1638-6502-cc65/src/tm1638.s(2120)
    tm1638.o                  ../../libs/tm1638-6502-cc65/src/tm1638.s(2120)
    tm1638.o                  ../../libs/tm1638-6502-cc65/src/tm1638.s(2120)
    float_convert.o           libs/msbasic-float\src\float_convert.s(1034)
    float_convert.o           libs/msbasic-float\src\float_convert.s(1034)
    main.o                    src\main.s(1633)
regsave (zeropage.o):
    tm1638.o                  ../../libs/tm1638-6502-cc65/src/tm1638.s(10)
    main.o                    src\main.s(10)
shleax1 (asleax1.o):
    float_convert.o           libs/msbasic-float\src\float_convert.s(1034)
shreax1 (shreax1.o):
    float_convert.o           libs/msbasic-float\src\float_convert.s(1034)
sp (zeropage.o):
    lpop.o                    runtime/lpop.s(10)
    lcmp.o                    runtime/lcmp.s(10)
    decsp4.o                  runtime/decsp4.s(8)
    subysp.o                  runtime/subysp.s(9)
    sub.o                     runtime/sub.s(9)
    steaxsp.o                 runtime/steaxsp.s(8)
    staxsp.o                  runtime/staxsp.s(8)
    staspidx.o                runtime/staspidx.s(9)
    pushwsp.o                 runtime/pushwsp.s(8)
    pushax.o                  runtime/pushax.s(8)
    pusha.o                   runtime/pusha.s(8)
    popptr1.o                 runtime/popptr1.s(9)
    memcpy.o                  common/memcpy.s(15)
    ludiv.o                   runtime/ludiv.s(10)
    lpush.o                   runtime/lpush.s(13)
    lor.o                     runtime/lor.s(10)
    leaaxsp.o                 runtime/leaaxsp.s(8)
    ldeaxysp.o                runtime/ldeaxysp.s(12)
    ldaxsp.o                  runtime/ldaxsp.s(8)
    land.o                    runtime/land.s(10)
    incsp2.o                  runtime/incsp2.s(8)
    incsp1.o                  runtime/incsp1.s(8)
    icmp.o                    runtime/icmp.s(9)
    decsp6.o                  runtime/decsp6.s(8)
    decsp5.o                  runtime/decsp5.s(8)
    decsp3.o                  runtime/decsp3.s(8)
    decsp2.o                  runtime/decsp2.s(8)
    decsp1.o                  runtime/decsp1.s(8)
    addysp.o                  runtime/addysp.s(8)
    add.o                     runtime/add.s(12)
    tm1638.o                  ../../libs/tm1638-6502-cc65/src/tm1638.s(10)
    float_convert.o           libs/msbasic-float\src\float_convert.s(10)
    main.o                    src\main.s(10)
    startup.o                 src\startup.s(13)
sreg (zeropage.o):
    lpop.o                    runtime/lpop.s(10)
    lcmp.o                    runtime/lcmp.s(10)
    steaxsp.o                 runtime/steaxsp.s(8)
    shreax1.o                 runtime/shreax1.s(8)
    lumod.o                   runtime/lumod.s(10)
    ludiv.o                   runtime/ludiv.s(10)
    ltest.o                   runtime/ltest.s(8)
    lshr.o                    runtime/lshr.s(16)
    lshl.o                    runtime/lshl.s(16)
    lshelp.o                  runtime/lshelp.s(12)
    lpush.o                   runtime/lpush.s(13)
    lor.o                     runtime/lor.s(10)
    lneg.o                    runtime/lneg.s(11)
    lmod.o                    runtime/lmod.s(12)
    linc.o                    runtime/linc.s(8)
    ldiv.o                    runtime/ldiv.s(12)
    ldeaxysp.o                runtime/ldeaxysp.s(12)
    land.o                    runtime/land.s(10)
    icmp.o                    runtime/icmp.s(9)
    axlong.o                  runtime/axlong.s(9)
    asleax1.o                 runtime/asleax1.s(8)
    along.o                   runtime/along.s(9)
    tm1638.o                  ../../libs/tm1638-6502-cc65/src/tm1638.s(10)
    float_convert.o           libs/msbasic-float\src\float_convert.s(10)
    main.o                    src\main.s(10)
staspidx (staspidx.o):
    tm1638.o                  ../../libs/tm1638-6502-cc65/src/tm1638.s(2120)
    tm1638.o                  ../../libs/tm1638-6502-cc65/src/tm1638.s(2120)
    tm1638.o                  ../../libs/tm1638-6502-cc65/src/tm1638.s(2120)
    tm1638.o                  ../../libs/tm1638-6502-cc65/src/tm1638.s(2120)
    float_convert.o           libs/msbasic-float\src\float_convert.s(1034)
    main.o                    src\main.s(1633)
    main.o                    src\main.s(1633)
    main.o                    src\main.s(1633)
    main.o                    src\main.s(1633)
stax0sp (staxsp.o):
    tm1638.o                  ../../libs/tm1638-6502-cc65/src/tm1638.s(2120)
    main.o                    src\main.s(1633)
staxysp (staxsp.o):
    main.o                    src\main.s(1633)
steax0sp (steaxsp.o):
    float_convert.o           libs/msbasic-float\src\float_convert.s(1034)
steaxysp (steaxsp.o):
    tm1638.o                  ../../libs/tm1638-6502-cc65/src/tm1638.s(2120)
    tm1638.o                  ../../libs/tm1638-6502-cc65/src/tm1638.s(2120)
    float_convert.o           libs/msbasic-float\src\float_convert.s(1034)
subysp (subysp.o):
    tm1638.o                  ../../libs/tm1638-6502-cc65/src/tm1638.s(2120)
    tm1638.o                  ../../libs/tm1638-6502-cc65/src/tm1638.s(2120)
    tm1638.o                  ../../libs/tm1638-6502-cc65/src/tm1638.s(2120)
    tm1638.o                  ../../libs/tm1638-6502-cc65/src/tm1638.s(2120)
    tm1638.o                  ../../libs/tm1638-6502-cc65/src/tm1638.s(2120)
    float_convert.o           libs/msbasic-float\src\float_convert.s(1034)
    main.o                    src\main.s(1633)
    main.o                    src\main.s(1633)
tmp1 (zeropage.o):
    staspidx.o                runtime/staspidx.s(9)
    shreax1.o                 runtime/shreax1.s(8)
    shl.o                     runtime/shl.s(16)
    ltest.o                   runtime/ltest.s(8)
    lshr.o                    runtime/lshr.s(16)
    lshl.o                    runtime/lshl.s(16)
    lshelp.o                  runtime/lshelp.s(12)
    lor.o                     runtime/lor.s(10)
    lmod.o                    runtime/lmod.s(12)
    ldiv.o                    runtime/ldiv.s(12)
    land.o                    runtime/land.s(10)
    incaxy.o                  runtime/incaxy.s(8)
    decaxy.o                  runtime/decaxy.s(8)
    asleax1.o                 runtime/asleax1.s(8)
    aslax1.o                  runtime/aslax1.s(8)
    add.o                     runtime/add.s(12)
    main.o                    src\main.s(11)
tmp2 (zeropage.o):
    lshelp.o                  runtime/lshelp.s(12)
    ldiv.o                    runtime/ldiv.s(12)
tmp3 (zeropage.o):
    lumod.o                   runtime/lumod.s(10)
    ludiv.o                   runtime/ludiv.s(10)
    lmod.o                    runtime/lmod.s(12)
tmp4 (zeropage.o):
    lumod.o                   runtime/lumod.s(10)
    ludiv.o                   runtime/ludiv.s(10)
    lmod.o                    runtime/lmod.s(12)
tosadda0 (add.o):
    float_convert.o           libs/msbasic-float\src\float_convert.s(1034)
tosand0ax (land.o):
    tm1638.o                  ../../libs/tm1638-6502-cc65/src/tm1638.s(2120)
    tm1638.o                  ../../libs/tm1638-6502-cc65/src/tm1638.s(2120)
tosandeax (land.o):
    tm1638.o                  ../../libs/tm1638-6502-cc65/src/tm1638.s(2120)
    tm1638.o                  ../../libs/tm1638-6502-cc65/src/tm1638.s(2120)
tosdiv0ax (ldiv.o):
    float_convert.o           libs/msbasic-float\src\float_convert.s(1034)
toseqeax (leq.o):
    tm1638.o                  ../../libs/tm1638-6502-cc65/src/tm1638.s(2120)
    tm1638.o                  ../../libs/tm1638-6502-cc65/src/tm1638.s(2120)
    float_convert.o           libs/msbasic-float\src\float_convert.s(1034)
tosgeeax (lge.o):
    float_convert.o           libs/msbasic-float\src\float_convert.s(1034)
tosicmp0 (icmp.o):
    main.o                    src\main.s(1633)
toslcmp (lcmp.o):
    lne.o                     runtime/lne.s(8)
    llt.o                     runtime/llt.s(8)
    lge.o                     runtime/lge.s(8)
    leq.o                     runtime/leq.s(8)
toslteax (llt.o):
    float_convert.o           libs/msbasic-float\src\float_convert.s(1034)
tosmod0ax (lmod.o):
    float_convert.o           libs/msbasic-float\src\float_convert.s(1034)
tosneeax (lne.o):
    tm1638.o                  ../../libs/tm1638-6502-cc65/src/tm1638.s(2120)
tosoreax (lor.o):
    tm1638.o                  ../../libs/tm1638-6502-cc65/src/tm1638.s(2120)
    float_convert.o           libs/msbasic-float\src\float_convert.s(1034)
tosshleax (lshl.o):
    tm1638.o                  ../../libs/tm1638-6502-cc65/src/tm1638.s(2120)
tosshreax (lshr.o):
    float_convert.o           libs/msbasic-float\src\float_convert.s(1034)
tossuba0 (sub.o):
    float_convert.o           libs/msbasic-float\src\float_convert.s(1034)
tosudiv0ax (ludiv.o):
    tm1638.o                  ../../libs/tm1638-6502-cc65/src/tm1638.s(2120)
tosumod0ax (lumod.o):
    tm1638.o                  ../../libs/tm1638-6502-cc65/src/tm1638.s(2120)
udiv32 (ludiv.o):
    lumod.o                   runtime/lumod.s(9)
    lmod.o                    runtime/lmod.s(11)
    ldiv.o                    runtime/ldiv.s(11)
utsteax (ltest.o):
    tm1638.o                  ../../libs/tm1638-6502-cc65/src/tm1638.s(2120)
    tm1638.o                  ../../libs/tm1638-6502-cc65/src/tm1638.s(2120)

